<?php return array (
  0 => 'Symfony\\Bundle\\FrameworkBundle\\Controller\\AbstractController',
  1 => 'App\\Controller\\AdminController',
  2 => 'App\\Controller\\ArticuloController',
  3 => 'App\\Controller\\BaseController',
  4 => 'App\\Controller\\CarritoController',
  5 => 'App\\Controller\\CategoriaGridController',
  6 => 'App\\Controller\\ClienteController',
  7 => 'App\\Controller\\ClienteTopController',
  8 => 'App\\Controller\\CobroController',
  9 => 'App\\Controller\\CobroVencimientoController',
  10 => 'App\\Controller\\DocumentosController',
  11 => 'App\\Controller\\FamiliaController',
  12 => 'App\\Controller\\FamiliaGridController',
  13 => 'App\\Controller\\GestionController',
  14 => 'App\\Controller\\MainController',
  15 => 'App\\Controller\\MarcaGridController',
  16 => 'App\\Controller\\PasswordResetController',
  17 => 'App\\Controller\\SearchController',
  18 => 'App\\Controller\\SecurityController',
  19 => 'App\\Controller\\SitemapController',
  20 => 'App\\Controller\\SubfamiliaController',
  21 => 'App\\Controller\\TextosController',
  22 => 'App\\Controller\\ToolsController',
  23 => 'App\\Entity\\Almacenes',
  24 => 'App\\Entity\\ArbolFamilias',
  25 => 'App\\Entity\\Articulos',
  26 => 'App\\Entity\\ArticulosCodbarras',
  27 => 'App\\Entity\\ArticulosDocumentos',
  28 => 'App\\Entity\\ArticulosImagenes',
  29 => 'App\\Entity\\ArticulosMarcas',
  30 => 'App\\Entity\\ArticulosParamHelper',
  31 => 'App\\Entity\\ArticulosPrecios',
  32 => 'App\\Entity\\Atributos',
  33 => 'App\\Entity\\BannerPublicidad',
  34 => 'App\\Entity\\Clientes',
  35 => 'App\\Entity\\ClientesLlamadas',
  36 => 'App\\Entity\\Empresa',
  37 => 'App\\Entity\\EmpresaImagenes',
  38 => 'App\\Entity\\EmpresaTbai',
  39 => 'App\\Entity\\Familias',
  40 => 'App\\Entity\\FamiliasCategorias',
  41 => 'App\\Entity\\Sat',
  42 => 'App\\Entity\\SatLineas',
  43 => 'App\\Entity\\SatParteActuacion',
  44 => 'App\\Entity\\Subfamilias',
  45 => 'App\\Entity\\Tbai',
  46 => 'App\\Entity\\Vencimientos',
  47 => 'App\\Entity\\VentasCabeceras',
  48 => 'App\\Entity\\VentasEntregas',
  49 => 'App\\Entity\\VentasLineas',
  50 => 'App\\Entity\\WebClientes',
  51 => 'App\\Entity\\WebCobros',
  52 => 'App\\Entity\\WebImagenes',
  53 => 'App\\Entity\\WebLineasPedidos',
  54 => 'App\\Entity\\WebTextos',
  56 => 'Symfony\\Bundle\\FrameworkBundle\\Controller\\ControllerResolver',
  57 => 'Symfony\\Bundle\\FrameworkBundle\\Controller\\RedirectController',
  58 => 'Symfony\\Bundle\\FrameworkBundle\\Controller\\TemplateController',
  59 => 'Symfony\\Bundle\\WebProfilerBundle\\Controller\\ExceptionPanelController',
  60 => 'Symfony\\Bundle\\WebProfilerBundle\\Controller\\ProfilerController',
  61 => 'Symfony\\Bundle\\WebProfilerBundle\\Controller\\RouterController',
  62 => 'Symfony\\Component\\HttpKernel\\Controller\\ArgumentResolver',
  63 => 'Symfony\\Component\\HttpKernel\\Controller\\ArgumentResolverInterface',
  64 => 'Symfony\\Component\\HttpKernel\\Controller\\ArgumentResolver\\DefaultValueResolver',
  65 => 'Symfony\\Component\\HttpKernel\\Controller\\ArgumentResolver\\NotTaggedControllerValueResolver',
  66 => 'Symfony\\Component\\HttpKernel\\Controller\\ArgumentResolver\\RequestAttributeValueResolver',
  67 => 'Symfony\\Component\\HttpKernel\\Controller\\ArgumentResolver\\RequestValueResolver',
  68 => 'Symfony\\Component\\HttpKernel\\Controller\\ArgumentResolver\\ServiceValueResolver',
  69 => 'Symfony\\Component\\HttpKernel\\Controller\\ArgumentResolver\\SessionValueResolver',
  70 => 'Symfony\\Component\\HttpKernel\\Controller\\ArgumentResolver\\TraceableValueResolver',
  71 => 'Symfony\\Component\\HttpKernel\\Controller\\ArgumentResolver\\VariadicValueResolver',
  72 => 'Symfony\\Component\\HttpKernel\\Controller\\ArgumentValueResolverInterface',
  73 => 'Symfony\\Component\\HttpKernel\\Controller\\ContainerControllerResolver',
  74 => 'Symfony\\Component\\HttpKernel\\Controller\\ControllerReference',
  75 => 'Symfony\\Component\\HttpKernel\\Controller\\ControllerResolver',
  76 => 'Symfony\\Component\\HttpKernel\\Controller\\ControllerResolverInterface',
  77 => 'Symfony\\Component\\HttpKernel\\Controller\\ErrorController',
  78 => 'Symfony\\Component\\HttpKernel\\Controller\\TraceableArgumentResolver',
  79 => 'Symfony\\Component\\HttpKernel\\Controller\\TraceableControllerResolver',
  80 => 'Symfony\\Component\\Security\\Http\\Controller\\UserValueResolver',
);