<?php return array (
  0 => 'Symfony\\Bundle\\FrameworkBundle\\Controller\\AbstractController',
  1 => 'App\\Controller\\AdminController',
  2 => 'App\\Controller\\ArticuloController',
  3 => 'App\\Controller\\ArticuloValoracionController',
  4 => 'App\\Controller\\BaseController',
  5 => 'App\\Controller\\CarritoController',
  6 => 'App\\Controller\\CategoriaGridController',
  7 => 'App\\Controller\\ClienteController',
  8 => 'App\\Controller\\ClienteTopController',
  9 => 'App\\Controller\\CobroController',
  10 => 'App\\Controller\\CobroVencimientoController',
  11 => 'App\\Controller\\DocumentosController',
  12 => 'App\\Controller\\FamiliaController',
  13 => 'App\\Controller\\FamiliaGridController',
  14 => 'App\\Controller\\GestionController',
  15 => 'App\\Controller\\MainController',
  16 => 'App\\Controller\\MarcaGridController',
  17 => 'App\\Controller\\PasswordResetController',
  18 => 'App\\Controller\\RecogidaController',
  19 => 'App\\Controller\\SearchController',
  20 => 'App\\Controller\\SecurityController',
  21 => 'App\\Controller\\SitemapController',
  22 => 'App\\Controller\\SubfamiliaController',
  23 => 'App\\Controller\\TextosController',
  24 => 'App\\Controller\\ToolsController',
  25 => 'App\\Entity\\Almacenes',
  26 => 'App\\Entity\\ArbolFamilias',
  27 => 'App\\Entity\\Articulos',
  28 => 'App\\Entity\\ArticulosCodbarras',
  29 => 'App\\Entity\\ArticulosDocumentos',
  30 => 'App\\Entity\\ArticulosImagenes',
  31 => 'App\\Entity\\ArticulosMarcas',
  32 => 'App\\Entity\\ArticulosParamHelper',
  33 => 'App\\Entity\\ArticulosPrecios',
  34 => 'App\\Entity\\Atributos',
  35 => 'App\\Entity\\BannerPublicidad',
  36 => 'App\\Entity\\Clientes',
  37 => 'App\\Entity\\ClientesLlamadas',
  38 => 'App\\Entity\\Empresa',
  39 => 'App\\Entity\\EmpresaImagenes',
  40 => 'App\\Entity\\EmpresaTbai',
  41 => 'App\\Entity\\Familias',
  42 => 'App\\Entity\\FamiliasCategorias',
  43 => 'App\\Entity\\Sat',
  44 => 'App\\Entity\\SatLineas',
  45 => 'App\\Entity\\SatParteActuacion',
  46 => 'App\\Entity\\Subfamilias',
  47 => 'App\\Entity\\Tbai',
  48 => 'App\\Entity\\Vencimientos',
  49 => 'App\\Entity\\VentasCabeceras',
  50 => 'App\\Entity\\VentasEntregas',
  51 => 'App\\Entity\\VentasLineas',
  52 => 'App\\Entity\\WebClientes',
  53 => 'App\\Entity\\WebCobros',
  54 => 'App\\Entity\\WebImagenes',
  55 => 'App\\Entity\\WebLineasPedidos',
  56 => 'App\\Entity\\WebRecogida',
  57 => 'App\\Entity\\WebRecogidaImagenes',
  58 => 'App\\Entity\\WebRecogidaTextos',
  59 => 'App\\Entity\\WebTextos',
  60 => 'App\\Entity\\WebValoraciones',
  61 => 'Doctrine\\Bundle\\DoctrineBundle\\Controller\\ProfilerController',
  62 => 'Doctrine\\ORM\\Cache\\Persister\\Entity\\AbstractEntityPersister',
  63 => 'Doctrine\\ORM\\Cache\\Persister\\Entity\\CachedEntityPersister',
  64 => 'Doctrine\\ORM\\Cache\\Persister\\Entity\\NonStrictReadWriteCachedEntityPersister',
  65 => 'Doctrine\\ORM\\Cache\\Persister\\Entity\\ReadOnlyCachedEntityPersister',
  66 => 'Doctrine\\ORM\\Cache\\Persister\\Entity\\ReadWriteCachedEntityPersister',
  67 => 'Doctrine\\ORM\\Persisters\\Entity\\AbstractEntityInheritancePersister',
  68 => 'Doctrine\\ORM\\Persisters\\Entity\\BasicEntityPersister',
  69 => 'Doctrine\\ORM\\Persisters\\Entity\\CachedPersisterContext',
  70 => 'Doctrine\\ORM\\Persisters\\Entity\\EntityPersister',
  71 => 'Doctrine\\ORM\\Persisters\\Entity\\JoinedSubclassPersister',
  72 => 'Doctrine\\ORM\\Persisters\\Entity\\SingleTablePersister',
  74 => 'Symfony\\Bundle\\FrameworkBundle\\Controller\\ControllerResolver',
  75 => 'Symfony\\Bundle\\FrameworkBundle\\Controller\\RedirectController',
  76 => 'Symfony\\Bundle\\FrameworkBundle\\Controller\\TemplateController',
  77 => 'Symfony\\Bundle\\WebProfilerBundle\\Controller\\ExceptionPanelController',
  78 => 'Symfony\\Bundle\\WebProfilerBundle\\Controller\\ProfilerController',
  79 => 'Symfony\\Bundle\\WebProfilerBundle\\Controller\\RouterController',
  80 => 'Symfony\\Component\\HttpKernel\\Controller\\ArgumentResolver',
  81 => 'Symfony\\Component\\HttpKernel\\Controller\\ArgumentResolverInterface',
  82 => 'Symfony\\Component\\HttpKernel\\Controller\\ArgumentResolver\\DefaultValueResolver',
  83 => 'Symfony\\Component\\HttpKernel\\Controller\\ArgumentResolver\\NotTaggedControllerValueResolver',
  84 => 'Symfony\\Component\\HttpKernel\\Controller\\ArgumentResolver\\RequestAttributeValueResolver',
  85 => 'Symfony\\Component\\HttpKernel\\Controller\\ArgumentResolver\\RequestValueResolver',
  86 => 'Symfony\\Component\\HttpKernel\\Controller\\ArgumentResolver\\ServiceValueResolver',
  87 => 'Symfony\\Component\\HttpKernel\\Controller\\ArgumentResolver\\SessionValueResolver',
  88 => 'Symfony\\Component\\HttpKernel\\Controller\\ArgumentResolver\\TraceableValueResolver',
  89 => 'Symfony\\Component\\HttpKernel\\Controller\\ArgumentResolver\\VariadicValueResolver',
  90 => 'Symfony\\Component\\HttpKernel\\Controller\\ArgumentValueResolverInterface',
  91 => 'Symfony\\Component\\HttpKernel\\Controller\\ContainerControllerResolver',
  92 => 'Symfony\\Component\\HttpKernel\\Controller\\ControllerReference',
  93 => 'Symfony\\Component\\HttpKernel\\Controller\\ControllerResolver',
  94 => 'Symfony\\Component\\HttpKernel\\Controller\\ControllerResolverInterface',
  95 => 'Symfony\\Component\\HttpKernel\\Controller\\ErrorController',
  96 => 'Symfony\\Component\\HttpKernel\\Controller\\TraceableArgumentResolver',
  97 => 'Symfony\\Component\\HttpKernel\\Controller\\TraceableControllerResolver',
  98 => 'Symfony\\Component\\Security\\Http\\Controller\\UserValueResolver',
);